-- The C compiler identification is GNU 13.3.0
-- The CXX compiler identification is GNU 13.3.0
-- Detecting C compiler ABI info
-- Detecting C compiler ABI info - done
-- Check for working C compiler: /usr/bin/cc - skipped
-- Detecting C compile features
-- Detecting C compile features - done
-- Detecting CXX compiler ABI info
-- Detecting CXX compiler ABI info - done
-- Check for working CXX compiler: /usr/bin/c++ - skipped
-- Detecting CXX compile features
-- Detecting CXX compile features - done
-- Found ament_cmake: 2.5.4 (/opt/ros/jazzy/share/ament_cmake/cmake)
-- Found Python3: /usr/bin/python3 (found version "3.12.3") found components: Interpreter 
-- Override CMake install command with custom implementation using symlinks instead of copying resources
-- Found rclcpp: 28.1.13 (/opt/ros/jazzy/share/rclcpp/cmake)
-- Found rosidl_generator_c: 4.6.6 (/opt/ros/jazzy/share/rosidl_generator_c/cmake)
-- Found rosidl_generator_cpp: 4.6.6 (/opt/ros/jazzy/share/rosidl_generator_cpp/cmake)
-- Using all available rosidl_typesupport_c: rosidl_typesupport_fastrtps_c;rosidl_typesupport_introspection_c
-- Using all available rosidl_typesupport_cpp: rosidl_typesupport_fastrtps_cpp;rosidl_typesupport_introspection_cpp
-- Found rmw_implementation_cmake: 7.3.2 (/opt/ros/jazzy/share/rmw_implementation_cmake/cmake)
-- Found rmw_fastrtps_cpp: 8.4.3 (/opt/ros/jazzy/share/rmw_fastrtps_cpp/cmake)
-- Found OpenSSL: /usr/lib/x86_64-linux-gnu/libcrypto.so (found version "3.0.13")  
-- Found FastRTPS: /opt/ros/jazzy/include (Required is at least version "2.13") 
-- Using RMW implementation 'rmw_fastrtps_cpp' as default
-- Configuring done (1.2s)
-- Generating done (0.0s)
-- Build files have been written to: /media/nguyen-tuan-minh/DATA/ros2_ws/build/ros2_shared
-- Install configuration: ""
-- Execute custom install script
-- Symlinking: /media/nguyen-tuan-minh/DATA/ros2_ws/install/ros2_shared/include/ros2_shared/context_macros.hpp
-- Symlinking: /media/nguyen-tuan-minh/DATA/ros2_ws/install/ros2_shared/include/ros2_shared/param_macros.hpp
-- Symlinking: /media/nguyen-tuan-minh/DATA/ros2_ws/install/ros2_shared/include/ros2_shared/string_printf.hpp
-- Symlinking: /media/nguyen-tuan-minh/DATA/ros2_ws/install/ros2_shared/share/ament_index/resource_index/package_run_dependencies/ros2_shared
-- Symlinking: /media/nguyen-tuan-minh/DATA/ros2_ws/install/ros2_shared/share/ament_index/resource_index/parent_prefix_path/ros2_shared
-- Symlinking: /media/nguyen-tuan-minh/DATA/ros2_ws/install/ros2_shared/share/ros2_shared/environment/ament_prefix_path.sh
-- Symlinking: /media/nguyen-tuan-minh/DATA/ros2_ws/install/ros2_shared/share/ros2_shared/environment/ament_prefix_path.dsv
-- Symlinking: /media/nguyen-tuan-minh/DATA/ros2_ws/install/ros2_shared/share/ros2_shared/environment/path.sh
-- Symlinking: /media/nguyen-tuan-minh/DATA/ros2_ws/install/ros2_shared/share/ros2_shared/environment/path.dsv
-- Symlinking: /media/nguyen-tuan-minh/DATA/ros2_ws/install/ros2_shared/share/ros2_shared/local_setup.bash
-- Symlinking: /media/nguyen-tuan-minh/DATA/ros2_ws/install/ros2_shared/share/ros2_shared/local_setup.sh
-- Symlinking: /media/nguyen-tuan-minh/DATA/ros2_ws/install/ros2_shared/share/ros2_shared/local_setup.zsh
-- Symlinking: /media/nguyen-tuan-minh/DATA/ros2_ws/install/ros2_shared/share/ros2_shared/local_setup.dsv
-- Symlinking: /media/nguyen-tuan-minh/DATA/ros2_ws/install/ros2_shared/share/ros2_shared/package.dsv
-- Symlinking: /media/nguyen-tuan-minh/DATA/ros2_ws/install/ros2_shared/share/ament_index/resource_index/packages/ros2_shared
-- Symlinking: /media/nguyen-tuan-minh/DATA/ros2_ws/install/ros2_shared/share/ros2_shared/cmake/ament_cmake_export_targets-extras.cmake
-- Symlinking: /media/nguyen-tuan-minh/DATA/ros2_ws/install/ros2_shared/share/ros2_shared/cmake/ament_cmake_export_dependencies-extras.cmake
-- Symlinking: /media/nguyen-tuan-minh/DATA/ros2_ws/install/ros2_shared/share/ros2_shared/cmake/ros2_sharedConfig.cmake
-- Symlinking: /media/nguyen-tuan-minh/DATA/ros2_ws/install/ros2_shared/share/ros2_shared/cmake/ros2_sharedConfig-version.cmake
-- Symlinking: /media/nguyen-tuan-minh/DATA/ros2_ws/install/ros2_shared/share/ros2_shared/package.xml
-- Installing: /media/nguyen-tuan-minh/DATA/ros2_ws/install/ros2_shared/share/ros2_shared/cmake/ros2_shared_targetsExport.cmake
