[0.014s] Invoking command in '/media/nguyen-tuan-minh/DATA/ros2_ws/build/ros2_shared': CMAKE_PREFIX_PATH=${CMAKE_PREFIX_PATH}:/opt/ros/jazzy DEBUGINFOD_URLS=https://debuginfod.ubuntu.com /usr/bin/cmake /media/nguyen-tuan-minh/DATA/ros2_ws/src/ros2_shared -DAMENT_CMAKE_SYMLINK_INSTALL=1 -DCMAKE_INSTALL_PREFIX=/media/nguyen-tuan-minh/DATA/ros2_ws/install/ros2_shared
[0.119s] -- The C compiler identification is GNU 13.3.0
[0.203s] -- The CXX compiler identification is GNU 13.3.0
[0.221s] -- Detecting C compiler ABI info
[0.300s] -- Detecting C compiler ABI info - done
[0.312s] -- Check for working C compiler: /usr/bin/cc - skipped
[0.312s] -- Detecting C compile features
[0.313s] -- Detecting C compile features - done
[0.322s] -- Detecting CXX compiler ABI info
[0.416s] -- Detecting CXX compiler ABI info - done
[0.431s] -- Check for working CXX compiler: /usr/bin/c++ - skipped
[0.432s] -- Detecting CXX compile features
[0.432s] -- Detecting CXX compile features - done
[0.435s] -- Found ament_cmake: 2.5.4 (/opt/ros/jazzy/share/ament_cmake/cmake)
[0.601s] -- Found Python3: /usr/bin/python3 (found version "3.12.3") found components: Interpreter 
[0.680s] -- Override CMake install command with custom implementation using symlinks instead of copying resources
[0.709s] -- Found rclcpp: 28.1.13 (/opt/ros/jazzy/share/rclcpp/cmake)
[0.751s] -- Found rosidl_generator_c: 4.6.6 (/opt/ros/jazzy/share/rosidl_generator_c/cmake)
[0.765s] -- Found rosidl_generator_cpp: 4.6.6 (/opt/ros/jazzy/share/rosidl_generator_cpp/cmake)
[0.783s] -- Using all available rosidl_typesupport_c: rosidl_typesupport_fastrtps_c;rosidl_typesupport_introspection_c
[0.804s] -- Using all available rosidl_typesupport_cpp: rosidl_typesupport_fastrtps_cpp;rosidl_typesupport_introspection_cpp
[0.935s] -- Found rmw_implementation_cmake: 7.3.2 (/opt/ros/jazzy/share/rmw_implementation_cmake/cmake)
[0.941s] -- Found rmw_fastrtps_cpp: 8.4.3 (/opt/ros/jazzy/share/rmw_fastrtps_cpp/cmake)
[1.025s] -- Found OpenSSL: /usr/lib/x86_64-linux-gnu/libcrypto.so (found version "3.0.13")  
[1.046s] -- Found FastRTPS: /opt/ros/jazzy/include (Required is at least version "2.13") 
[1.074s] -- Using RMW implementation 'rmw_fastrtps_cpp' as default
[1.269s] -- Configuring done (1.2s)
[1.278s] -- Generating done (0.0s)
[1.282s] -- Build files have been written to: /media/nguyen-tuan-minh/DATA/ros2_ws/build/ros2_shared
[1.292s] Invoked command in '/media/nguyen-tuan-minh/DATA/ros2_ws/build/ros2_shared' returned '0': CMAKE_PREFIX_PATH=${CMAKE_PREFIX_PATH}:/opt/ros/jazzy DEBUGINFOD_URLS=https://debuginfod.ubuntu.com /usr/bin/cmake /media/nguyen-tuan-minh/DATA/ros2_ws/src/ros2_shared -DAMENT_CMAKE_SYMLINK_INSTALL=1 -DCMAKE_INSTALL_PREFIX=/media/nguyen-tuan-minh/DATA/ros2_ws/install/ros2_shared
[1.293s] Invoking command in '/media/nguyen-tuan-minh/DATA/ros2_ws/build/ros2_shared': CMAKE_PREFIX_PATH=${CMAKE_PREFIX_PATH}:/opt/ros/jazzy DEBUGINFOD_URLS=https://debuginfod.ubuntu.com /usr/bin/cmake --build /media/nguyen-tuan-minh/DATA/ros2_ws/build/ros2_shared -- -j12 -l12
[1.329s] Invoked command in '/media/nguyen-tuan-minh/DATA/ros2_ws/build/ros2_shared' returned '0': CMAKE_PREFIX_PATH=${CMAKE_PREFIX_PATH}:/opt/ros/jazzy DEBUGINFOD_URLS=https://debuginfod.ubuntu.com /usr/bin/cmake --build /media/nguyen-tuan-minh/DATA/ros2_ws/build/ros2_shared -- -j12 -l12
[1.330s] Invoking command in '/media/nguyen-tuan-minh/DATA/ros2_ws/build/ros2_shared': CMAKE_PREFIX_PATH=${CMAKE_PREFIX_PATH}:/opt/ros/jazzy DEBUGINFOD_URLS=https://debuginfod.ubuntu.com /usr/bin/cmake --install /media/nguyen-tuan-minh/DATA/ros2_ws/build/ros2_shared
[1.338s] -- Install configuration: ""
[1.339s] -- Execute custom install script
[1.340s] -- Symlinking: /media/nguyen-tuan-minh/DATA/ros2_ws/install/ros2_shared/include/ros2_shared/context_macros.hpp
[1.347s] -- Symlinking: /media/nguyen-tuan-minh/DATA/ros2_ws/install/ros2_shared/include/ros2_shared/param_macros.hpp
[1.356s] -- Symlinking: /media/nguyen-tuan-minh/DATA/ros2_ws/install/ros2_shared/include/ros2_shared/string_printf.hpp
[1.364s] -- Symlinking: /media/nguyen-tuan-minh/DATA/ros2_ws/install/ros2_shared/share/ament_index/resource_index/package_run_dependencies/ros2_shared
[1.373s] -- Symlinking: /media/nguyen-tuan-minh/DATA/ros2_ws/install/ros2_shared/share/ament_index/resource_index/parent_prefix_path/ros2_shared
[1.382s] -- Symlinking: /media/nguyen-tuan-minh/DATA/ros2_ws/install/ros2_shared/share/ros2_shared/environment/ament_prefix_path.sh
[1.391s] -- Symlinking: /media/nguyen-tuan-minh/DATA/ros2_ws/install/ros2_shared/share/ros2_shared/environment/ament_prefix_path.dsv
[1.399s] -- Symlinking: /media/nguyen-tuan-minh/DATA/ros2_ws/install/ros2_shared/share/ros2_shared/environment/path.sh
[1.407s] -- Symlinking: /media/nguyen-tuan-minh/DATA/ros2_ws/install/ros2_shared/share/ros2_shared/environment/path.dsv
[1.415s] -- Symlinking: /media/nguyen-tuan-minh/DATA/ros2_ws/install/ros2_shared/share/ros2_shared/local_setup.bash
[1.423s] -- Symlinking: /media/nguyen-tuan-minh/DATA/ros2_ws/install/ros2_shared/share/ros2_shared/local_setup.sh
[1.432s] -- Symlinking: /media/nguyen-tuan-minh/DATA/ros2_ws/install/ros2_shared/share/ros2_shared/local_setup.zsh
[1.443s] -- Symlinking: /media/nguyen-tuan-minh/DATA/ros2_ws/install/ros2_shared/share/ros2_shared/local_setup.dsv
[1.454s] -- Symlinking: /media/nguyen-tuan-minh/DATA/ros2_ws/install/ros2_shared/share/ros2_shared/package.dsv
[1.469s] -- Symlinking: /media/nguyen-tuan-minh/DATA/ros2_ws/install/ros2_shared/share/ament_index/resource_index/packages/ros2_shared
[1.481s] -- Symlinking: /media/nguyen-tuan-minh/DATA/ros2_ws/install/ros2_shared/share/ros2_shared/cmake/ament_cmake_export_targets-extras.cmake
[1.491s] -- Symlinking: /media/nguyen-tuan-minh/DATA/ros2_ws/install/ros2_shared/share/ros2_shared/cmake/ament_cmake_export_dependencies-extras.cmake
[1.501s] -- Symlinking: /media/nguyen-tuan-minh/DATA/ros2_ws/install/ros2_shared/share/ros2_shared/cmake/ros2_sharedConfig.cmake
[1.509s] -- Symlinking: /media/nguyen-tuan-minh/DATA/ros2_ws/install/ros2_shared/share/ros2_shared/cmake/ros2_sharedConfig-version.cmake
[1.517s] -- Symlinking: /media/nguyen-tuan-minh/DATA/ros2_ws/install/ros2_shared/share/ros2_shared/package.xml
[1.525s] -- Installing: /media/nguyen-tuan-minh/DATA/ros2_ws/install/ros2_shared/share/ros2_shared/cmake/ros2_shared_targetsExport.cmake
[1.527s] Invoked command in '/media/nguyen-tuan-minh/DATA/ros2_ws/build/ros2_shared' returned '0': CMAKE_PREFIX_PATH=${CMAKE_PREFIX_PATH}:/opt/ros/jazzy DEBUGINFOD_URLS=https://debuginfod.ubuntu.com /usr/bin/cmake --install /media/nguyen-tuan-minh/DATA/ros2_ws/build/ros2_shared
