[0.020s] Invoking command in '/media/nguyen-tuan-minh/DATA/ros2_ws/build/orbslam3': CMAKE_PREFIX_PATH=${CMAKE_PREFIX_PATH}:/opt/ros/jazzy DEBUGINFOD_URLS=https://debuginfod.ubuntu.com /usr/bin/cmake --build /media/nguyen-tuan-minh/DATA/ros2_ws/build/orbslam3 -- -j12 -l12
[0.298s] [ 25%] Built target rgbd
[0.298s] [ 50%] Built target mono
[0.298s] [ 75%] Built target stereo-inertial
[0.298s] [100%] Built target stereo
[0.309s] Invoked command in '/media/nguyen-tuan-minh/DATA/ros2_ws/build/orbslam3' returned '0': CMAKE_PREFIX_PATH=${CMAKE_PREFIX_PATH}:/opt/ros/jazzy DEBUGINFOD_URLS=https://debuginfod.ubuntu.com /usr/bin/cmake --build /media/nguyen-tuan-minh/DATA/ros2_ws/build/orbslam3 -- -j12 -l12
[0.310s] Invoking command in '/media/nguyen-tuan-minh/DATA/ros2_ws/build/orbslam3': CMAKE_PREFIX_PATH=${CMAKE_PREFIX_PATH}:/opt/ros/jazzy DEBUGINFOD_URLS=https://debuginfod.ubuntu.com /usr/bin/cmake --install /media/nguyen-tuan-minh/DATA/ros2_ws/build/orbslam3
[0.318s] -- Install configuration: ""
[0.319s] -- Execute custom install script
[0.320s] -- Up-to-date symlink: /media/nguyen-tuan-minh/DATA/ros2_ws/install/orbslam3/lib/orbslam3/mono
[0.320s] -- Up-to-date symlink: /media/nguyen-tuan-minh/DATA/ros2_ws/install/orbslam3/lib/orbslam3/rgbd
[0.320s] -- Up-to-date symlink: /media/nguyen-tuan-minh/DATA/ros2_ws/install/orbslam3/lib/orbslam3/stereo
[0.321s] -- Up-to-date symlink: /media/nguyen-tuan-minh/DATA/ros2_ws/install/orbslam3/lib/orbslam3/stereo-inertial
[0.321s] -- Up-to-date symlink: /media/nguyen-tuan-minh/DATA/ros2_ws/install/orbslam3/share/ament_index/resource_index/package_run_dependencies/orbslam3
[0.321s] -- Up-to-date symlink: /media/nguyen-tuan-minh/DATA/ros2_ws/install/orbslam3/share/ament_index/resource_index/parent_prefix_path/orbslam3
[0.321s] -- Up-to-date symlink: /media/nguyen-tuan-minh/DATA/ros2_ws/install/orbslam3/share/orbslam3/environment/ament_prefix_path.sh
[0.321s] -- Up-to-date symlink: /media/nguyen-tuan-minh/DATA/ros2_ws/install/orbslam3/share/orbslam3/environment/ament_prefix_path.dsv
[0.322s] -- Up-to-date symlink: /media/nguyen-tuan-minh/DATA/ros2_ws/install/orbslam3/share/orbslam3/environment/path.sh
[0.322s] -- Up-to-date symlink: /media/nguyen-tuan-minh/DATA/ros2_ws/install/orbslam3/share/orbslam3/environment/path.dsv
[0.322s] -- Up-to-date symlink: /media/nguyen-tuan-minh/DATA/ros2_ws/install/orbslam3/share/orbslam3/local_setup.bash
[0.322s] -- Up-to-date symlink: /media/nguyen-tuan-minh/DATA/ros2_ws/install/orbslam3/share/orbslam3/local_setup.sh
[0.323s] -- Up-to-date symlink: /media/nguyen-tuan-minh/DATA/ros2_ws/install/orbslam3/share/orbslam3/local_setup.zsh
[0.323s] -- Up-to-date symlink: /media/nguyen-tuan-minh/DATA/ros2_ws/install/orbslam3/share/orbslam3/local_setup.dsv
[0.323s] -- Symlinking: /media/nguyen-tuan-minh/DATA/ros2_ws/install/orbslam3/share/orbslam3/package.dsv
[0.332s] -- Up-to-date symlink: /media/nguyen-tuan-minh/DATA/ros2_ws/install/orbslam3/share/ament_index/resource_index/packages/orbslam3
[0.332s] -- Up-to-date symlink: /media/nguyen-tuan-minh/DATA/ros2_ws/install/orbslam3/share/orbslam3/cmake/orbslam3Config.cmake
[0.333s] -- Up-to-date symlink: /media/nguyen-tuan-minh/DATA/ros2_ws/install/orbslam3/share/orbslam3/cmake/orbslam3Config-version.cmake
[0.334s] -- Up-to-date symlink: /media/nguyen-tuan-minh/DATA/ros2_ws/install/orbslam3/share/orbslam3/package.xml
[0.361s] Invoked command in '/media/nguyen-tuan-minh/DATA/ros2_ws/build/orbslam3' returned '0': CMAKE_PREFIX_PATH=${CMAKE_PREFIX_PATH}:/opt/ros/jazzy DEBUGINFOD_URLS=https://debuginfod.ubuntu.com /usr/bin/cmake --install /media/nguyen-tuan-minh/DATA/ros2_ws/build/orbslam3
