-- The C compiler identification is GNU 13.3.0
-- The CXX compiler identification is GNU 13.3.0
-- Detecting C compiler ABI info
-- Detecting C compiler ABI info - done
-- Check for working C compiler: /usr/bin/cc - skipped
-- Detecting C compile features
-- Detecting C compile features - done
-- Detecting CXX compiler ABI info
-- Detecting CXX compiler ABI info - done
-- Check for working CXX compiler: /usr/bin/c++ - skipped
-- Detecting CXX compile features
-- Detecting CXX compile features - done
-- Found ament_cmake: 2.5.4 (/opt/ros/jazzy/share/ament_cmake/cmake)
-- Found Python3: /usr/bin/python3 (found version "3.12.3") found components: Interpreter 
-- Override CMake install command with custom implementation using symlinks instead of copying resources
-- creating rules for /media/nguyen-tuan-minh/DATA/ros2_ws/build/tello_description/urdf/tello.urdf
-- creating rules for /media/nguyen-tuan-minh/DATA/ros2_ws/build/tello_description/urdf/tello_1.urdf
-- creating rules for /media/nguyen-tuan-minh/DATA/ros2_ws/build/tello_description/urdf/tello_2.urdf
-- creating rules for /media/nguyen-tuan-minh/DATA/ros2_ws/build/tello_description/urdf/tello_3.urdf
-- creating rules for /media/nguyen-tuan-minh/DATA/ros2_ws/build/tello_description/urdf/tello_4.urdf
-- creating rules for /media/nguyen-tuan-minh/DATA/ros2_ws/build/tello_description/urdf/tello_5.urdf
-- creating rules for /media/nguyen-tuan-minh/DATA/ros2_ws/build/tello_description/urdf/tello_6.urdf
-- creating rules for /media/nguyen-tuan-minh/DATA/ros2_ws/build/tello_description/urdf/tello_7.urdf
-- creating rules for /media/nguyen-tuan-minh/DATA/ros2_ws/build/tello_description/urdf/tello_8.urdf
-- Configuring done (0.8s)
-- Generating done (0.0s)
-- Build files have been written to: /media/nguyen-tuan-minh/DATA/ros2_ws/build/tello_description
[ 22%] [34m[1mGenerate /media/nguyen-tuan-minh/DATA/ros2_ws/build/tello_description/urdf/tello_8.urdf[0m
[ 22%] [34m[1mGenerate /media/nguyen-tuan-minh/DATA/ros2_ws/build/tello_description/urdf/tello_5.urdf[0m
[ 44%] [34m[1mGenerate /media/nguyen-tuan-minh/DATA/ros2_ws/build/tello_description/urdf/tello.urdf[0m
[ 55%] [34m[1mGenerate /media/nguyen-tuan-minh/DATA/ros2_ws/build/tello_description/urdf/tello_1.urdf[0m
[ 66%] [34m[1mGenerate /media/nguyen-tuan-minh/DATA/ros2_ws/build/tello_description/urdf/tello_3.urdf[0m
[ 77%] [34m[1mGenerate /media/nguyen-tuan-minh/DATA/ros2_ws/build/tello_description/urdf/tello_4.urdf[0m
[100%] [34m[1mGenerate /media/nguyen-tuan-minh/DATA/ros2_ws/build/tello_description/urdf/tello_7.urdf[0m
[ 88%] [34m[1mGenerate /media/nguyen-tuan-minh/DATA/ros2_ws/build/tello_description/urdf/tello_2.urdf[0m
[100%] [34m[1mGenerate /media/nguyen-tuan-minh/DATA/ros2_ws/build/tello_description/urdf/tello_6.urdf[0m
[100%] Built target generate_urdf_1
[100%] Built target generate_urdf
[100%] Built target generate_urdf_2
[100%] Built target generate_urdf_4
[100%] Built target generate_urdf_5
[100%] Built target generate_urdf_7
[100%] Built target generate_urdf_6
[100%] Built target generate_urdf_3
[100%] Built target generate_urdf_8
-- Install configuration: ""
-- Execute custom install script
-- Symlinking: /media/nguyen-tuan-minh/DATA/ros2_ws/install/tello_description/share/tello_description/urdf/tello.urdf
-- Symlinking: /media/nguyen-tuan-minh/DATA/ros2_ws/install/tello_description/share/tello_description/urdf/tello_1.urdf
-- Symlinking: /media/nguyen-tuan-minh/DATA/ros2_ws/install/tello_description/share/tello_description/urdf/tello_2.urdf
-- Symlinking: /media/nguyen-tuan-minh/DATA/ros2_ws/install/tello_description/share/tello_description/urdf/tello_3.urdf
-- Symlinking: /media/nguyen-tuan-minh/DATA/ros2_ws/install/tello_description/share/tello_description/urdf/tello_4.urdf
-- Symlinking: /media/nguyen-tuan-minh/DATA/ros2_ws/install/tello_description/share/tello_description/urdf/tello_5.urdf
-- Symlinking: /media/nguyen-tuan-minh/DATA/ros2_ws/install/tello_description/share/tello_description/urdf/tello_6.urdf
-- Symlinking: /media/nguyen-tuan-minh/DATA/ros2_ws/install/tello_description/share/tello_description/urdf/tello_7.urdf
-- Symlinking: /media/nguyen-tuan-minh/DATA/ros2_ws/install/tello_description/share/tello_description/urdf/tello_8.urdf
-- Symlinking: /media/nguyen-tuan-minh/DATA/ros2_ws/install/tello_description/share/ament_index/resource_index/package_run_dependencies/tello_description
-- Symlinking: /media/nguyen-tuan-minh/DATA/ros2_ws/install/tello_description/share/ament_index/resource_index/parent_prefix_path/tello_description
-- Symlinking: /media/nguyen-tuan-minh/DATA/ros2_ws/install/tello_description/share/tello_description/environment/ament_prefix_path.sh
-- Symlinking: /media/nguyen-tuan-minh/DATA/ros2_ws/install/tello_description/share/tello_description/environment/ament_prefix_path.dsv
-- Symlinking: /media/nguyen-tuan-minh/DATA/ros2_ws/install/tello_description/share/tello_description/environment/path.sh
-- Symlinking: /media/nguyen-tuan-minh/DATA/ros2_ws/install/tello_description/share/tello_description/environment/path.dsv
-- Symlinking: /media/nguyen-tuan-minh/DATA/ros2_ws/install/tello_description/share/tello_description/local_setup.bash
-- Symlinking: /media/nguyen-tuan-minh/DATA/ros2_ws/install/tello_description/share/tello_description/local_setup.sh
-- Symlinking: /media/nguyen-tuan-minh/DATA/ros2_ws/install/tello_description/share/tello_description/local_setup.zsh
-- Symlinking: /media/nguyen-tuan-minh/DATA/ros2_ws/install/tello_description/share/tello_description/local_setup.dsv
-- Symlinking: /media/nguyen-tuan-minh/DATA/ros2_ws/install/tello_description/share/tello_description/package.dsv
-- Symlinking: /media/nguyen-tuan-minh/DATA/ros2_ws/install/tello_description/share/ament_index/resource_index/packages/tello_description
-- Symlinking: /media/nguyen-tuan-minh/DATA/ros2_ws/install/tello_description/share/tello_description/cmake/tello_descriptionConfig.cmake
-- Symlinking: /media/nguyen-tuan-minh/DATA/ros2_ws/install/tello_description/share/tello_description/cmake/tello_descriptionConfig-version.cmake
-- Symlinking: /media/nguyen-tuan-minh/DATA/ros2_ws/install/tello_description/share/tello_description/package.xml
