[0.014s] Invoking command in '/media/nguyen-tuan-minh/DATA/ros2_ws/build/tello_description': CMAKE_PREFIX_PATH=${CMAKE_PREFIX_PATH}:/opt/ros/jazzy DEBUGINFOD_URLS=https://debuginfod.ubuntu.com /usr/bin/cmake /media/nguyen-tuan-minh/DATA/ros2_ws/src/tello_ros/tello_description -DAMENT_CMAKE_SYMLINK_INSTALL=1 -DCMAKE_INSTALL_PREFIX=/media/nguyen-tuan-minh/DATA/ros2_ws/install/tello_description
[0.114s] -- The C compiler identification is GNU 13.3.0
[0.195s] -- The CXX compiler identification is GNU 13.3.0
[0.213s] -- Detecting C compiler ABI info
[0.294s] -- Detecting C compiler ABI info - done
[0.305s] -- Check for working C compiler: /usr/bin/cc - skipped
[0.305s] -- Detecting C compile features
[0.305s] -- Detecting C compile features - done
[0.315s] -- Detecting CXX compiler ABI info
[0.410s] -- Detecting CXX compiler ABI info - done
[0.424s] -- Check for working CXX compiler: /usr/bin/c++ - skipped
[0.425s] -- Detecting CXX compile features
[0.425s] -- Detecting CXX compile features - done
[0.428s] -- Found ament_cmake: 2.5.4 (/opt/ros/jazzy/share/ament_cmake/cmake)
[0.595s] -- Found Python3: /usr/bin/python3 (found version "3.12.3") found components: Interpreter 
[0.667s] -- Override CMake install command with custom implementation using symlinks instead of copying resources
[0.693s] -- creating rules for /media/nguyen-tuan-minh/DATA/ros2_ws/build/tello_description/urdf/tello.urdf
[0.694s] -- creating rules for /media/nguyen-tuan-minh/DATA/ros2_ws/build/tello_description/urdf/tello_1.urdf
[0.694s] -- creating rules for /media/nguyen-tuan-minh/DATA/ros2_ws/build/tello_description/urdf/tello_2.urdf
[0.694s] -- creating rules for /media/nguyen-tuan-minh/DATA/ros2_ws/build/tello_description/urdf/tello_3.urdf
[0.694s] -- creating rules for /media/nguyen-tuan-minh/DATA/ros2_ws/build/tello_description/urdf/tello_4.urdf
[0.694s] -- creating rules for /media/nguyen-tuan-minh/DATA/ros2_ws/build/tello_description/urdf/tello_5.urdf
[0.694s] -- creating rules for /media/nguyen-tuan-minh/DATA/ros2_ws/build/tello_description/urdf/tello_6.urdf
[0.694s] -- creating rules for /media/nguyen-tuan-minh/DATA/ros2_ws/build/tello_description/urdf/tello_7.urdf
[0.694s] -- creating rules for /media/nguyen-tuan-minh/DATA/ros2_ws/build/tello_description/urdf/tello_8.urdf
[0.785s] -- Configuring done (0.8s)
[0.802s] -- Generating done (0.0s)
[0.807s] -- Build files have been written to: /media/nguyen-tuan-minh/DATA/ros2_ws/build/tello_description
[0.812s] Invoked command in '/media/nguyen-tuan-minh/DATA/ros2_ws/build/tello_description' returned '0': CMAKE_PREFIX_PATH=${CMAKE_PREFIX_PATH}:/opt/ros/jazzy DEBUGINFOD_URLS=https://debuginfod.ubuntu.com /usr/bin/cmake /media/nguyen-tuan-minh/DATA/ros2_ws/src/tello_ros/tello_description -DAMENT_CMAKE_SYMLINK_INSTALL=1 -DCMAKE_INSTALL_PREFIX=/media/nguyen-tuan-minh/DATA/ros2_ws/install/tello_description
[0.814s] Invoking command in '/media/nguyen-tuan-minh/DATA/ros2_ws/build/tello_description': CMAKE_PREFIX_PATH=${CMAKE_PREFIX_PATH}:/opt/ros/jazzy DEBUGINFOD_URLS=https://debuginfod.ubuntu.com /usr/bin/cmake --build /media/nguyen-tuan-minh/DATA/ros2_ws/build/tello_description -- -j12 -l12
[0.865s] [ 22%] [34m[1mGenerate /media/nguyen-tuan-minh/DATA/ros2_ws/build/tello_description/urdf/tello_8.urdf[0m
[0.866s] [ 22%] [34m[1mGenerate /media/nguyen-tuan-minh/DATA/ros2_ws/build/tello_description/urdf/tello_5.urdf[0m
[0.868s] [ 44%] [34m[1mGenerate /media/nguyen-tuan-minh/DATA/ros2_ws/build/tello_description/urdf/tello.urdf[0m
[0.869s] [ 55%] [34m[1mGenerate /media/nguyen-tuan-minh/DATA/ros2_ws/build/tello_description/urdf/tello_1.urdf[0m
[0.869s] [ 66%] [34m[1mGenerate /media/nguyen-tuan-minh/DATA/ros2_ws/build/tello_description/urdf/tello_3.urdf[0m
[0.869s] [ 77%] [34m[1mGenerate /media/nguyen-tuan-minh/DATA/ros2_ws/build/tello_description/urdf/tello_4.urdf[0m
[0.870s] [100%] [34m[1mGenerate /media/nguyen-tuan-minh/DATA/ros2_ws/build/tello_description/urdf/tello_7.urdf[0m
[0.871s] [ 88%] [34m[1mGenerate /media/nguyen-tuan-minh/DATA/ros2_ws/build/tello_description/urdf/tello_2.urdf[0m
[0.871s] [100%] [34m[1mGenerate /media/nguyen-tuan-minh/DATA/ros2_ws/build/tello_description/urdf/tello_6.urdf[0m
[0.932s] [100%] Built target generate_urdf_1
[0.934s] [100%] Built target generate_urdf
[0.934s] [100%] Built target generate_urdf_2
[0.935s] [100%] Built target generate_urdf_4
[0.935s] [100%] Built target generate_urdf_5
[0.935s] [100%] Built target generate_urdf_7
[0.935s] [100%] Built target generate_urdf_6
[0.936s] [100%] Built target generate_urdf_3
[0.939s] [100%] Built target generate_urdf_8
[0.951s] Invoked command in '/media/nguyen-tuan-minh/DATA/ros2_ws/build/tello_description' returned '0': CMAKE_PREFIX_PATH=${CMAKE_PREFIX_PATH}:/opt/ros/jazzy DEBUGINFOD_URLS=https://debuginfod.ubuntu.com /usr/bin/cmake --build /media/nguyen-tuan-minh/DATA/ros2_ws/build/tello_description -- -j12 -l12
[0.961s] Invoking command in '/media/nguyen-tuan-minh/DATA/ros2_ws/build/tello_description': CMAKE_PREFIX_PATH=${CMAKE_PREFIX_PATH}:/opt/ros/jazzy DEBUGINFOD_URLS=https://debuginfod.ubuntu.com /usr/bin/cmake --install /media/nguyen-tuan-minh/DATA/ros2_ws/build/tello_description
[0.969s] -- Install configuration: ""
[0.969s] -- Execute custom install script
[0.969s] -- Symlinking: /media/nguyen-tuan-minh/DATA/ros2_ws/install/tello_description/share/tello_description/urdf/tello.urdf
[0.978s] -- Symlinking: /media/nguyen-tuan-minh/DATA/ros2_ws/install/tello_description/share/tello_description/urdf/tello_1.urdf
[0.988s] -- Symlinking: /media/nguyen-tuan-minh/DATA/ros2_ws/install/tello_description/share/tello_description/urdf/tello_2.urdf
[0.997s] -- Symlinking: /media/nguyen-tuan-minh/DATA/ros2_ws/install/tello_description/share/tello_description/urdf/tello_3.urdf
[1.005s] -- Symlinking: /media/nguyen-tuan-minh/DATA/ros2_ws/install/tello_description/share/tello_description/urdf/tello_4.urdf
[1.014s] -- Symlinking: /media/nguyen-tuan-minh/DATA/ros2_ws/install/tello_description/share/tello_description/urdf/tello_5.urdf
[1.022s] -- Symlinking: /media/nguyen-tuan-minh/DATA/ros2_ws/install/tello_description/share/tello_description/urdf/tello_6.urdf
[1.031s] -- Symlinking: /media/nguyen-tuan-minh/DATA/ros2_ws/install/tello_description/share/tello_description/urdf/tello_7.urdf
[1.040s] -- Symlinking: /media/nguyen-tuan-minh/DATA/ros2_ws/install/tello_description/share/tello_description/urdf/tello_8.urdf
[1.049s] -- Symlinking: /media/nguyen-tuan-minh/DATA/ros2_ws/install/tello_description/share/ament_index/resource_index/package_run_dependencies/tello_description
[1.058s] -- Symlinking: /media/nguyen-tuan-minh/DATA/ros2_ws/install/tello_description/share/ament_index/resource_index/parent_prefix_path/tello_description
[1.067s] -- Symlinking: /media/nguyen-tuan-minh/DATA/ros2_ws/install/tello_description/share/tello_description/environment/ament_prefix_path.sh
[1.077s] -- Symlinking: /media/nguyen-tuan-minh/DATA/ros2_ws/install/tello_description/share/tello_description/environment/ament_prefix_path.dsv
[1.085s] -- Symlinking: /media/nguyen-tuan-minh/DATA/ros2_ws/install/tello_description/share/tello_description/environment/path.sh
[1.094s] -- Symlinking: /media/nguyen-tuan-minh/DATA/ros2_ws/install/tello_description/share/tello_description/environment/path.dsv
[1.102s] -- Symlinking: /media/nguyen-tuan-minh/DATA/ros2_ws/install/tello_description/share/tello_description/local_setup.bash
[1.111s] -- Symlinking: /media/nguyen-tuan-minh/DATA/ros2_ws/install/tello_description/share/tello_description/local_setup.sh
[1.119s] -- Symlinking: /media/nguyen-tuan-minh/DATA/ros2_ws/install/tello_description/share/tello_description/local_setup.zsh
[1.127s] -- Symlinking: /media/nguyen-tuan-minh/DATA/ros2_ws/install/tello_description/share/tello_description/local_setup.dsv
[1.135s] -- Symlinking: /media/nguyen-tuan-minh/DATA/ros2_ws/install/tello_description/share/tello_description/package.dsv
[1.143s] -- Symlinking: /media/nguyen-tuan-minh/DATA/ros2_ws/install/tello_description/share/ament_index/resource_index/packages/tello_description
[1.151s] -- Symlinking: /media/nguyen-tuan-minh/DATA/ros2_ws/install/tello_description/share/tello_description/cmake/tello_descriptionConfig.cmake
[1.159s] -- Symlinking: /media/nguyen-tuan-minh/DATA/ros2_ws/install/tello_description/share/tello_description/cmake/tello_descriptionConfig-version.cmake
[1.168s] -- Symlinking: /media/nguyen-tuan-minh/DATA/ros2_ws/install/tello_description/share/tello_description/package.xml
[1.178s] Invoked command in '/media/nguyen-tuan-minh/DATA/ros2_ws/build/tello_description' returned '0': CMAKE_PREFIX_PATH=${CMAKE_PREFIX_PATH}:/opt/ros/jazzy DEBUGINFOD_URLS=https://debuginfod.ubuntu.com /usr/bin/cmake --install /media/nguyen-tuan-minh/DATA/ros2_ws/build/tello_description
