[0.014s] Invoking command in '/media/nguyen-tuan-minh/DATA/ros2_ws/build/orbslam3': CMAKE_PREFIX_PATH=${CMAKE_PREFIX_PATH}:/opt/ros/jazzy DEBUGINFOD_URLS=https://debuginfod.ubuntu.com /usr/bin/cmake /media/nguyen-tuan-minh/DATA/ros2_ws/src/ROS2_ORB-SLAM3_Odometry/orbslam3_ros2 -DAMENT_CMAKE_SYMLINK_INSTALL=1 -DCMAKE_INSTALL_PREFIX=/media/nguyen-tuan-minh/DATA/ros2_ws/install/orbslam3
[0.335s] -- The C compiler identification is GNU 13.3.0
[0.423s] -- The CXX compiler identification is GNU 13.3.0
[0.442s] -- Detecting C compiler ABI info
[0.531s] -- Detecting C compiler ABI info - done
[0.540s] -- Check for working C compiler: /usr/bin/cc - skipped
[0.540s] -- Detecting C compile features
[0.541s] -- Detecting C compile features - done
[0.550s] -- Detecting CXX compiler ABI info
[0.641s] -- Detecting CXX compiler ABI info - done
[0.650s] -- Check for working CXX compiler: /usr/bin/c++ - skipped
[0.651s] -- Detecting CXX compile features
[0.651s] -- Detecting CXX compile features - done
[0.657s] -- Found ament_cmake: 2.5.4 (/opt/ros/jazzy/share/ament_cmake/cmake)
[0.786s] -- Found Python3: /usr/bin/python3 (found version "3.12.3") found components: Interpreter 
[0.877s] -- Override CMake install command with custom implementation using symlinks instead of copying resources
[0.912s] -- Found rclcpp: 28.1.13 (/opt/ros/jazzy/share/rclcpp/cmake)
[0.962s] -- Found rosidl_generator_c: 4.6.6 (/opt/ros/jazzy/share/rosidl_generator_c/cmake)
[0.979s] -- Found rosidl_generator_cpp: 4.6.6 (/opt/ros/jazzy/share/rosidl_generator_cpp/cmake)
[0.999s] -- Using all available rosidl_typesupport_c: rosidl_typesupport_fastrtps_c;rosidl_typesupport_introspection_c
[1.021s] -- Using all available rosidl_typesupport_cpp: rosidl_typesupport_fastrtps_cpp;rosidl_typesupport_introspection_cpp
[1.113s] -- Found rmw_implementation_cmake: 7.3.2 (/opt/ros/jazzy/share/rmw_implementation_cmake/cmake)
[1.116s] -- Found rmw_fastrtps_cpp: 8.4.3 (/opt/ros/jazzy/share/rmw_fastrtps_cpp/cmake)
[1.199s] -- Found OpenSSL: /usr/lib/x86_64-linux-gnu/libcrypto.so (found version "3.0.13")  
[1.220s] -- Found FastRTPS: /opt/ros/jazzy/include (Required is at least version "2.13") 
[1.242s] -- Using RMW implementation 'rmw_fastrtps_cpp' as default
[1.330s] -- Found sensor_msgs: 5.3.6 (/opt/ros/jazzy/share/sensor_msgs/cmake)
[1.404s] -- Found cv_bridge: 4.1.0 (/opt/ros/jazzy/share/cv_bridge/cmake)
[1.419s] -- Found message_filters: 4.11.9 (/opt/ros/jazzy/share/message_filters/cmake)
[1.433s] [31mCMake Error at CMakeLists.txt:23 (find_package):
[1.433s]   By not providing "FindSophus.cmake" in CMAKE_MODULE_PATH this project has
[1.433s]   asked CMake to find a package configuration file provided by "Sophus", but
[1.433s]   CMake did not find one.
[1.434s] 
[1.434s]   Could not find a package configuration file provided by "Sophus" with any
[1.434s]   of the following names:
[1.434s] 
[1.434s]     SophusConfig.cmake
[1.434s]     sophus-config.cmake
[1.434s] 
[1.434s]   Add the installation prefix of "Sophus" to CMAKE_PREFIX_PATH or set
[1.434s]   "Sophus_DIR" to a directory containing one of the above files.  If "Sophus"
[1.434s]   provides a separate development package or SDK, be sure it has been
[1.434s]   installed.
[1.434s] 
[1.434s] [0m
[1.434s] -- Configuring incomplete, errors occurred!
[1.442s] Invoked command in '/media/nguyen-tuan-minh/DATA/ros2_ws/build/orbslam3' returned '1': CMAKE_PREFIX_PATH=${CMAKE_PREFIX_PATH}:/opt/ros/jazzy DEBUGINFOD_URLS=https://debuginfod.ubuntu.com /usr/bin/cmake /media/nguyen-tuan-minh/DATA/ros2_ws/src/ROS2_ORB-SLAM3_Odometry/orbslam3_ros2 -DAMENT_CMAKE_SYMLINK_INSTALL=1 -DCMAKE_INSTALL_PREFIX=/media/nguyen-tuan-minh/DATA/ros2_ws/install/orbslam3
