[0.018s] Invoking command in '/media/nguyen-tuan-minh/DATA/ros2_ws/build/ros2_shared': CMAKE_PREFIX_PATH=${CMAKE_PREFIX_PATH}:/opt/ros/jazzy DEBUGINFOD_URLS=https://debuginfod.ubuntu.com /usr/bin/cmake --build /media/nguyen-tuan-minh/DATA/ros2_ws/build/ros2_shared -- -j12 -l12
[0.300s] Invoked command in '/media/nguyen-tuan-minh/DATA/ros2_ws/build/ros2_shared' returned '0': CMAKE_PREFIX_PATH=${CMAKE_PREFIX_PATH}:/opt/ros/jazzy DEBUGINFOD_URLS=https://debuginfod.ubuntu.com /usr/bin/cmake --build /media/nguyen-tuan-minh/DATA/ros2_ws/build/ros2_shared -- -j12 -l12
[0.308s] Invoking command in '/media/nguyen-tuan-minh/DATA/ros2_ws/build/ros2_shared': CMAKE_PREFIX_PATH=${CMAKE_PREFIX_PATH}:/opt/ros/jazzy DEBUGINFOD_URLS=https://debuginfod.ubuntu.com /usr/bin/cmake --install /media/nguyen-tuan-minh/DATA/ros2_ws/build/ros2_shared
[0.316s] -- Install configuration: ""
[0.316s] -- Execute custom install script
[0.317s] -- Up-to-date symlink: /media/nguyen-tuan-minh/DATA/ros2_ws/install/ros2_shared/include/ros2_shared/context_macros.hpp
[0.317s] -- Up-to-date symlink: /media/nguyen-tuan-minh/DATA/ros2_ws/install/ros2_shared/include/ros2_shared/param_macros.hpp
[0.317s] -- Up-to-date symlink: /media/nguyen-tuan-minh/DATA/ros2_ws/install/ros2_shared/include/ros2_shared/string_printf.hpp
[0.318s] -- Up-to-date symlink: /media/nguyen-tuan-minh/DATA/ros2_ws/install/ros2_shared/share/ament_index/resource_index/package_run_dependencies/ros2_shared
[0.318s] -- Up-to-date symlink: /media/nguyen-tuan-minh/DATA/ros2_ws/install/ros2_shared/share/ament_index/resource_index/parent_prefix_path/ros2_shared
[0.318s] -- Up-to-date symlink: /media/nguyen-tuan-minh/DATA/ros2_ws/install/ros2_shared/share/ros2_shared/environment/ament_prefix_path.sh
[0.319s] -- Up-to-date symlink: /media/nguyen-tuan-minh/DATA/ros2_ws/install/ros2_shared/share/ros2_shared/environment/ament_prefix_path.dsv
[0.319s] -- Up-to-date symlink: /media/nguyen-tuan-minh/DATA/ros2_ws/install/ros2_shared/share/ros2_shared/environment/path.sh
[0.319s] -- Up-to-date symlink: /media/nguyen-tuan-minh/DATA/ros2_ws/install/ros2_shared/share/ros2_shared/environment/path.dsv
[0.320s] -- Up-to-date symlink: /media/nguyen-tuan-minh/DATA/ros2_ws/install/ros2_shared/share/ros2_shared/local_setup.bash
[0.320s] -- Up-to-date symlink: /media/nguyen-tuan-minh/DATA/ros2_ws/install/ros2_shared/share/ros2_shared/local_setup.sh
[0.321s] -- Up-to-date symlink: /media/nguyen-tuan-minh/DATA/ros2_ws/install/ros2_shared/share/ros2_shared/local_setup.zsh
[0.321s] -- Up-to-date symlink: /media/nguyen-tuan-minh/DATA/ros2_ws/install/ros2_shared/share/ros2_shared/local_setup.dsv
[0.321s] -- Symlinking: /media/nguyen-tuan-minh/DATA/ros2_ws/install/ros2_shared/share/ros2_shared/package.dsv
[0.331s] -- Up-to-date symlink: /media/nguyen-tuan-minh/DATA/ros2_ws/install/ros2_shared/share/ament_index/resource_index/packages/ros2_shared
[0.331s] -- Up-to-date symlink: /media/nguyen-tuan-minh/DATA/ros2_ws/install/ros2_shared/share/ros2_shared/cmake/ament_cmake_export_targets-extras.cmake
[0.331s] -- Up-to-date symlink: /media/nguyen-tuan-minh/DATA/ros2_ws/install/ros2_shared/share/ros2_shared/cmake/ament_cmake_export_dependencies-extras.cmake
[0.332s] -- Up-to-date symlink: /media/nguyen-tuan-minh/DATA/ros2_ws/install/ros2_shared/share/ros2_shared/cmake/ros2_sharedConfig.cmake
[0.332s] -- Up-to-date symlink: /media/nguyen-tuan-minh/DATA/ros2_ws/install/ros2_shared/share/ros2_shared/cmake/ros2_sharedConfig-version.cmake
[0.332s] -- Up-to-date symlink: /media/nguyen-tuan-minh/DATA/ros2_ws/install/ros2_shared/share/ros2_shared/package.xml
[0.332s] -- Up-to-date: /media/nguyen-tuan-minh/DATA/ros2_ws/install/ros2_shared/share/ros2_shared/cmake/ros2_shared_targetsExport.cmake
[0.335s] Invoked command in '/media/nguyen-tuan-minh/DATA/ros2_ws/build/ros2_shared' returned '0': CMAKE_PREFIX_PATH=${CMAKE_PREFIX_PATH}:/opt/ros/jazzy DEBUGINFOD_URLS=https://debuginfod.ubuntu.com /usr/bin/cmake --install /media/nguyen-tuan-minh/DATA/ros2_ws/build/ros2_shared
